\BOOKMARK [1][]{section.1}{\376\377\116\000\060\001\000\040\225\356\230\230\221\315\217\360}{}% 1
\BOOKMARK [2][]{subsection.1.1}{\376\377\0001\000.\0001\000\040\225\356\230\230\200\314\146\157}{section.1}% 2
\BOOKMARK [2][]{subsection.1.2}{\376\377\0001\000.\0002\000\040\225\356\230\230\143\320\121\372}{section.1}% 3
\BOOKMARK [1][]{section.2}{\376\377\116\214\060\001\000\040\225\356\230\230\122\006\147\220}{}% 4
\BOOKMARK [2][]{subsection.2.1}{\376\377\0002\000.\0001\000\040\225\356\230\230\116\000\122\006\147\220}{section.2}% 5
\BOOKMARK [2][]{subsection.2.2}{\376\377\0002\000.\0002\000\040\225\356\230\230\116\214\122\006\147\220}{section.2}% 6
\BOOKMARK [2][]{subsection.2.3}{\376\377\0002\000.\0003\000\040\225\356\230\230\116\011\122\006\147\220}{section.2}% 7
\BOOKMARK [2][]{subsection.2.4}{\376\377\0002\000.\0004\000\040\225\356\230\230\126\333\122\006\147\220}{section.2}% 8
\BOOKMARK [2][]{subsection.2.5}{\376\377\0002\000.\0005\000\040\225\356\230\230\116\224\122\006\147\220}{section.2}% 9
\BOOKMARK [1][]{section.3}{\376\377\116\011\060\001\000\040\152\041\127\213\120\107\213\276\116\016\173\046\123\367\213\364\146\016}{}% 10
\BOOKMARK [2][]{subsection.3.1}{\376\377\0003\000.\0001\000\040\152\041\127\213\120\107\213\276}{section.3}% 11
\BOOKMARK [2][]{subsection.3.2}{\376\377\0003\000.\0002\000\040\173\046\123\367\213\364\146\016}{section.3}% 12
\BOOKMARK [1][]{section.4}{\376\377\126\333\060\001\000\040\152\041\127\213\166\204\136\372\172\313\116\016\154\102\211\343}{}% 13
\BOOKMARK [2][]{subsection.4.1}{\376\377\0004\000.\0001\000\040\225\356\230\230\116\000\152\041\127\213\166\204\136\372\172\313\116\016\154\102\211\343}{section.4}% 14
\BOOKMARK [3][]{subsubsection.4.1.1}{\376\377\0004\000.\0001\000.\0001\000\040\152\041\127\213\166\204\136\372\172\313}{subsection.4.1}% 15
\BOOKMARK [3][]{subsubsection.4.1.2}{\376\377\0004\000.\0001\000.\0002\000\040\152\041\127\213\166\204\154\102\211\343}{subsection.4.1}% 16
\BOOKMARK [2][]{subsection.4.2}{\376\377\0004\000.\0002\000\040\225\356\230\230\116\214\152\041\127\213\166\204\136\372\172\313\116\016\154\102\211\343}{section.4}% 17
\BOOKMARK [3][]{subsubsection.4.2.1}{\376\377\0004\000.\0002\000.\0001\000\040\152\041\127\213\166\204\136\372\172\313}{subsection.4.2}% 18
\BOOKMARK [3][]{subsubsection.4.2.2}{\376\377\0004\000.\0002\000.\0002\000\040\152\041\127\213\166\204\154\102\211\343}{subsection.4.2}% 19
\BOOKMARK [2][]{subsection.4.3}{\376\377\0004\000.\0003\000\040\225\356\230\230\116\011\152\041\127\213\166\204\136\372\172\313\116\016\154\102\211\343}{section.4}% 20
\BOOKMARK [3][]{subsubsection.4.3.1}{\376\377\0004\000.\0003\000.\0001\000\040\152\041\127\213\166\204\136\372\172\313}{subsection.4.3}% 21
\BOOKMARK [3][]{subsubsection.4.3.2}{\376\377\0004\000.\0003\000.\0002\000\040\152\041\127\213\166\204\154\102\211\343}{subsection.4.3}% 22
\BOOKMARK [2][]{subsection.4.4}{\376\377\0004\000.\0004\000\040\225\356\230\230\126\333\152\041\127\213\166\204\136\372\172\313\116\016\154\102\211\343}{section.4}% 23
\BOOKMARK [3][]{subsubsection.4.4.1}{\376\377\0004\000.\0004\000.\0001\000\040\152\041\127\213\166\204\136\372\172\313}{subsection.4.4}% 24
\BOOKMARK [3][]{subsubsection.4.4.2}{\376\377\0004\000.\0004\000.\0002\000\040\152\041\127\213\166\204\154\102\211\343}{subsection.4.4}% 25
\BOOKMARK [2][]{subsection.4.5}{\376\377\0004\000.\0005\000\040\225\356\230\230\116\224\377\032\152\041\127\213\166\204\136\372\172\313\116\016\154\102\211\343}{section.4}% 26
\BOOKMARK [3][]{subsubsection.4.5.1}{\376\377\0004\000.\0005\000.\0001\000\040\152\041\127\213\166\204\136\372\172\313}{subsection.4.5}% 27
\BOOKMARK [3][]{subsubsection.4.5.2}{\376\377\0004\000.\0005\000.\0002\000\040\152\041\127\213\166\204\154\102\211\343}{subsection.4.5}% 28
\BOOKMARK [1][]{section.5}{\376\377\116\224\060\001\000\040\152\041\127\213\166\204\213\304\116\367\116\016\143\250\136\177}{}% 29
\BOOKMARK [2][]{subsection.5.1}{\376\377\0005\000.\0001\000\040\152\041\127\213\166\204\213\304\116\367}{section.5}% 30
\BOOKMARK [3][]{subsubsection.5.1.1}{\376\377\0005\000.\0001\000.\0001\000\040\152\041\127\213\166\204\117\030\160\271}{subsection.5.1}% 31
\BOOKMARK [3][]{subsubsection.5.1.2}{\376\377\0005\000.\0001\000.\0002\000\040\152\041\127\213\166\204\116\015\215\263}{subsection.5.1}% 32
\BOOKMARK [2][]{subsection.5.2}{\376\377\0005\000.\0002\000\040\152\041\127\213\166\204\143\250\136\177}{section.5}% 33
\BOOKMARK [1][]{section*.22}{\376\377\123\302\200\003\145\207\163\056}{}% 34
\BOOKMARK [1][]{appendix.1.A}{\376\377\226\104\137\125\000\040\000A\000\040\145\057\144\221\147\120\145\231\166\204\145\207\116\366\122\027\210\150}{}% 35
\BOOKMARK [1][]{appendix.1.B}{\376\377\226\104\137\125\000\040\000B\000\040\156\220\116\343\170\001}{}% 36
